================ JSON PARSER ERROR ================
Date: 2026-06-13 16:20:47
Error: Final fallback failed: Syntax error
Input: 
I'm doing great, thank you for asking! How are you doing today? Is there anything I can help you with?
==================================================
================ JSON PARSER ERROR ================
Date: 2026-06-13 16:21:25
Error: Final fallback failed: Syntax error
Input: 
In the 2026 Formula 1 standings, the person in 7th place is **Max Verstappen** (Red Bull), with 43 points.
==================================================
================ JSON PARSER ERROR ================
Date: 2026-06-13 16:22:53
Error: Final fallback failed: Syntax error
Input: 
It certainly looks that way on paper! Seeing a driver like Max Verstappen in 7th place is definitely a big shift from his usual dominance. 

In the context of this 2026 season, it could be a few things: maybe the new technical regulations have thrown Red Bull on the wrong side of the curve, or perhaps other teams like McLaren, Ferrari, or Mercedes have made massive leaps in development. 

It definitely makes the championship race much more interesting, though! Do you think he'll make a comeback later in the season, or is this the start of a new era in F1?
==================================================
================ JSON PARSER ERROR ================
Date: 2026-06-13 16:23:15
Error: Final fallback failed: Syntax error
Input: 
True, it's hard to say for sure until the season progresses. It's definitely a fascinating time to be watching.

Do you have a particular team or driver you're rooting for this season? Or are you just enjoying the chaos of the standings?
==================================================
